###############################################################################
#
# IAR ELF Linker V9.30.1.335/W64 for ARM                  12/Mar/2023  11:51:37
# Copyright 2007-2022 IAR Systems AB.
#
#    Output file  =
#        C:\Users\DELL\Desktop\Embedded labs\Second
#        term\Lab3(pirority)\Debug\Exe\trytry.out
#    Map file     =
#        C:\Users\DELL\Desktop\Embedded labs\Second
#        term\Lab3(pirority)\Debug\List\trytry.map
#    Command line =
#        -f "C:\Users\DELL\Desktop\Embedded labs\Second
#        term\Lab3(pirority)\Debug\Exe\trytry.out.rsp"
#        ("C:\Users\DELL\Desktop\Embedded labs\Second
#        term\Lab3(pirority)\Debug\Obj\Counter.o"
#        "C:\Users\DELL\Desktop\Embedded labs\Second
#        term\Lab3(pirority)\Debug\Obj\DIO.o" "C:\Users\DELL\Desktop\Embedded
#        labs\Second term\Lab3(pirority)\Debug\Obj\LCD.o"
#        "C:\Users\DELL\Desktop\Embedded labs\Second
#        term\Lab3(pirority)\Debug\Obj\main.o" "C:\Users\DELL\Desktop\Embedded
#        labs\Second term\Lab3(pirority)\Debug\Obj\Schuduler.o"
#        "C:\Users\DELL\Desktop\Embedded labs\Second
#        term\Lab3(pirority)\Debug\Obj\startup_ewarm.o" --no_out_extension -o
#        "C:\Users\DELL\Desktop\Embedded labs\Second
#        term\Lab3(pirority)\Debug\Exe\trytry.out" --redirect
#        _Printf=_PrintfFullNoMb --redirect _Scanf=_ScanfFullNoMb --map
#        "C:\Users\DELL\Desktop\Embedded labs\Second
#        term\Lab3(pirority)\Debug\List\trytry.map" --config "C:\Program
#        Files\IAR Systems\Embedded Workbench
#        9.1\arm/config/linker/TexasInstruments/TM4C123GH6.icf" --semihosting
#        C:\ti\TivaWare_C_Series-2.2.0.295\driverlib\ewarm\Exe\driverlib.a
#        --entry __iar_program_start --vfe --text_out locale --cpu=Cortex-M4
#        --fpu=VFPv4_sp)
#
###############################################################################

*******************************************************************************
*** MESSAGES
***

Warning[Lt009]: Inconsistent wchar_t size
            systick.o(driverlib.a) and 2 other objects in driverlib.a have
                      wchar_t size 16 bits
            Counter.o and 23 other objects, some of them in rt7M_tl.a and 9
                      other libraries have wchar_t size 32 bits


*******************************************************************************
*** RUNTIME MODEL ATTRIBUTES
***

CppFlavor       = *
__CPP_Runtime   = 1
__SystemLibrary = DLib
__dlib_version  = 6


*******************************************************************************
*** HEAP SELECTION
***

The basic heap was selected because --advanced_heap
was not specified and the application did not appear to
be primarily optimized for speed.


*******************************************************************************
*** PLACEMENT SUMMARY
***

"A0":  place at address 0x0 { ro section .intvec };
"P1":  place in [from 0x0 to 0x3'ffff] { ro };
define block CSTACK with size = 4K, alignment = 8 { };
define block HEAP with size = 8K, alignment = 8 { };
"P2":  place in [from 0x2000'0000 to 0x2000'7fff] {
          rw, block CSTACK, block HEAP };
do not initialize { rw section .noinit };

  Section          Kind         Address   Size  Object
  -------          ----         -------   ----  ------
"A0":                                    0x26c
  .intvec          const            0x0  0x26c  startup_ewarm.o [1]
                                - 0x26c  0x26c

"P1":                                    0x8fc
  .text            ro code        0x26c  0x320  DIO.o [1]
  .text            ro code        0x58c  0x274  I64DivMod.o [5]
  .text            ro code        0x800    0x2  I64DivZer.o [5]
  .text            ro code        0x804  0x11c  Schuduler.o [1]
  .text            ro code        0x920   0xa8  main.o [1]
  .text            ro code        0x9c8   0x58  systick.o [3]
  .text            ro code        0xa20   0x30  interrupt.o [3]
  .text            ro code        0xa50   0x38  zero_init3.o [5]
  .text            ro code        0xa88   0x28  data_init.o [5]
  .text            ro code        0xab0   0x22  fpinit_M.o [4]
  .iar.init_table  const          0xad4   0x10  - Linker created -
  .text            ro code        0xae4   0x1e  startup_ewarm.o [1]
  .text            ro code        0xb04   0x1c  cstartup_M.o [5]
  .text            ro code        0xb20   0x1e  cmain.o [5]
  .text            ro code        0xb3e    0x4  low_level_init.o [2]
  .text            ro code        0xb42    0x4  exit.o [2]
  .text            ro code        0xb48    0xa  cexit.o [5]
  .text            ro code        0xb54   0x14  exit.o [6]
  .rodata          const          0xb68    0x0  zero_init3.o [5]
                                - 0xb68  0x8fc

"P2", part 1 of 2:                       0x29c
  VTABLE           zero     0x2000'0000  0x26c  interrupt.o [3]
  .bss             zero     0x2000'026c   0x24  Schuduler.o [1]
  .bss             zero     0x2000'0290    0x8  Counter.o [1]
  .bss             zero     0x2000'0298    0x1  Schuduler.o [1]
                          - 0x2000'0299  0x299

"P2", part 2 of 2:                       0x200
  .noinit          uninit   0x2000'029c  0x200  startup_ewarm.o [1]
                          - 0x2000'049c  0x200

Unused ranges:

         From           To      Size
         ----           --      ----
        0xb68     0x3'ffff  0x3'f498
  0x2000'049c  0x2000'7fff    0x7b64


*******************************************************************************
*** INIT TABLE
***

          Address      Size
          -------      ----
Zero (__iar_zero_init3)
    1 destination range, total size 0x299:
          0x2000'0000  0x299



*******************************************************************************
*** MODULE SUMMARY
***

    Module            ro code  ro data  rw data
    ------            -------  -------  -------
command line/config:
    -------------------------------------------
    Total:

C:\Users\DELL\Desktop\Embedded labs\Second term\Lab3(pirority)\Debug\Obj: [1]
    Counter.o                                 8
    DIO.o                 800
    Schuduler.o           284                37
    main.o                168
    startup_ewarm.o        30      620      512
    -------------------------------------------
    Total:              1'282      620      557

dl7M_tln.a: [2]
    exit.o                  4
    low_level_init.o        4
    -------------------------------------------
    Total:                  8

driverlib.a: [3]
    interrupt.o            48               620
    systick.o              88
    -------------------------------------------
    Total:                136               620

m7M_tls.a: [4]
    fpinit_M.o             34
    -------------------------------------------
    Total:                 34

rt7M_tl.a: [5]
    I64DivMod.o           628
    I64DivZer.o             2
    cexit.o                10
    cmain.o                30
    cstartup_M.o           28
    data_init.o            40
    zero_init3.o           56
    -------------------------------------------
    Total:                794

shb_l.a: [6]
    exit.o                 20
    -------------------------------------------
    Total:                 20

    Gaps                    8        2
    Linker created                  16
-----------------------------------------------
    Grand Total:        2'282      638    1'177


*******************************************************************************
*** ENTRY LIST
***

Entry                       Address   Size  Type      Object
-----                       -------   ----  ----      ------
.iar.init_table$$Base         0xad4          --   Gb  - Linker created -
.iar.init_table$$Limit        0xae4          --   Gb  - Linker created -
?main                         0xb21         Code  Gb  cmain.o [5]
Blinky1                       0x921    0xe  Code  Gb  main.o [1]
Blinky2                       0x92f    0xe  Code  Gb  main.o [1]
Blinky3                       0x93d    0xe  Code  Gb  main.o [1]
Counter                 0x2000'0290    0x8  Data  Gb  Counter.o [1]
DIO_Init_port                 0x26d  0x15e  Code  Gb  DIO.o [1]
DIO_WritePin                  0x3cb  0x124  Code  Gb  DIO.o [1]
FaultISR                      0xaff    0x2  Code  Lc  startup_ewarm.o [1]
IntDefaultHandler             0xb01    0x2  Code  Lc  startup_ewarm.o [1]
IntRegister                   0xa21   0x26  Code  Gb  interrupt.o [3]
NmiSR                         0xafd    0x2  Code  Lc  startup_ewarm.o [1]
Region$$Table$$Base           0xad4          --   Gb  - Linker created -
Region$$Table$$Limit          0xae4          --   Gb  - Linker created -
ResetISR                      0xae5   0x12  Code  Gb  startup_ewarm.o [1]
SysTickDisable                0x9d5    0xc  Code  Gb  systick.o [3]
SysTickEnable                 0x9c9    0xc  Code  Gb  systick.o [3]
SysTickIntDisable             0xa03    0xc  Code  Gb  systick.o [3]
SysTickIntEnable              0x9f7    0xc  Code  Gb  systick.o [3]
SysTickIntRegister            0x9e1   0x16  Code  Gb  systick.o [3]
SysTickPeriodSet              0xa0f    0x8  Code  Gb  systick.o [3]
Systick_Handler               0x94b   0x12  Code  Gb  main.o [1]
Systick_Intillize             0x95d   0x20  Code  Gb  main.o [1]
Task_Scheduler                0x8ad   0x68  Code  Gb  Schuduler.o [1]
__aeabi_ldiv0                 0x801         Code  Gb  I64DivZer.o [5]
__aeabi_ldivmod               0x58d         Code  Gb  I64DivMod.o [5]
__aeabi_uldivmod              0x5d1         Code  Gb  I64DivMod.o [5]
__cmain                       0xb21         Code  Gb  cmain.o [5]
__exit                        0xb55   0x14  Code  Gb  exit.o [6]
__iar_data_init3              0xa89   0x28  Code  Gb  data_init.o [5]
__iar_init_vfp                0xab1         Code  Gb  fpinit_M.o [4]
__iar_program_start           0xb05         Code  Gb  cstartup_M.o [5]
__iar_zero_init3              0xa51   0x38  Code  Gb  zero_init3.o [5]
__low_level_init              0xb3f    0x4  Code  Gb  low_level_init.o [2]
__vector_table                  0x0  0x26c  Data  Gb  startup_ewarm.o [1]
_call_main                    0xb2d         Code  Gb  cmain.o [5]
_exit                         0xb49         Code  Gb  cexit.o [5]
exit                          0xb43    0x4  Code  Gb  exit.o [2]
g_pfnRAMVectors         0x2000'0000  0x26c  Data  Lc  interrupt.o [3]
i_task                  0x2000'0298    0x1  Data  Gb  Schuduler.o [1]
main                          0x97d   0x34  Code  Gb  main.o [1]
pui32Stack              0x2000'029c  0x200  Data  Lc  startup_ewarm.o [1]
sort_tasks                    0x831   0x7c  Code  Gb  Schuduler.o [1]
task_init                     0x805   0x2c  Code  Gb  Schuduler.o [1]
tasks                   0x2000'026c   0x24  Data  Gb  Schuduler.o [1]


[1] = C:\Users\DELL\Desktop\Embedded labs\Second term\Lab3(pirority)\Debug\Obj
[2] = dl7M_tln.a
[3] = driverlib.a
[4] = m7M_tls.a
[5] = rt7M_tl.a
[6] = shb_l.a

  2'282 bytes of readonly  code memory
    638 bytes of readonly  data memory
  1'177 bytes of readwrite data memory

Errors: none
Warnings: 1
